[ "@generated", { "key": { "name_lowercase": "_i", "name": "_i" } } ]