[
  "@generated",
  {
    "key": {
      "trace": {
        "key": {
          "xmap": {
            "key": {
              "file": { "key": "test.cpp" },
              "fixed": [
                {
                  "target": {
                    "declaration": {
                      "variable": {
                        "key": {
                          "name": {
                            "key": {
                              "name": { "key": "a" },
                              "scope": {
                                "local": {
                                  "key": {
                                    "name": {
                                      "key": {
                                        "name": { "key": "this_is_a_function" }
                                      }
                                    },
                                    "scope": {
                                      "namespace_": {
                                        "key": { "name": { "key": "foo" } }
                                      }
                                    }
                                  }
                                }
                              }
                            }
                          },
                          "type": { "key": "int" },
                          "kind": { "local": { "kind": 2, "attribute": 0 } },
                          "source": {
                            "file": { "key": "test.cpp" },
                            "lineBegin": 25,
                            "columnBegin": 24,
                            "lineEnd": 25,
                            "columnEnd": 28
                          }
                        }
                      }
                    }
                  },
                  "from": {
                    "spans": [ { "length": 1, "offsets": [ 445, 18, 4 ] } ],
                    "expansions": [ ],
                    "spellings": [ ]
                  }
                },
                {
                  "target": {
                    "declaration": {
                      "variable": {
                        "key": {
                          "name": {
                            "key": {
                              "name": { "key": "b" },
                              "scope": {
                                "local": {
                                  "key": {
                                    "name": {
                                      "key": {
                                        "name": { "key": "this_is_a_function" }
                                      }
                                    },
                                    "scope": {
                                      "namespace_": {
                                        "key": { "name": { "key": "foo" } }
                                      }
                                    }
                                  }
                                }
                              }
                            }
                          },
                          "type": { "key": "int" },
                          "kind": { "local": { "kind": 2, "attribute": 0 } },
                          "source": {
                            "file": { "key": "test.cpp" },
                            "lineBegin": 25,
                            "columnBegin": 31,
                            "lineEnd": 25,
                            "columnEnd": 35
                          }
                        }
                      }
                    }
                  },
                  "from": {
                    "spans": [ { "length": 1, "offsets": [ 449, 16, 4 ] } ],
                    "expansions": [ ],
                    "spellings": [ ]
                  }
                }
              ],
              "froms": [ ]
            }
          },
          "targets": [ ]
        }
      },
      "xref": {
        "target": {
          "name": "a",
          "file": { "key": "test.cpp" },
          "location": {
            "range": {
              "file": { "key": "test.cpp" },
              "lineBegin": 25,
              "columnBegin": 24,
              "lineEnd": 25,
              "columnEnd": 28
            }
          },
          "destination": {
            "file": { "key": "test.cpp" },
            "span": { "start": 404, "length": 1 }
          }
        },
        "source": { "span": { "start": 445, "length": 1 } }
      },
      "entity": {
        "decl": {
          "variable": {
            "key": {
              "name": {
                "key": {
                  "name": { "key": "a" },
                  "scope": {
                    "local": {
                      "key": {
                        "name": {
                          "key": { "name": { "key": "this_is_a_function" } }
                        },
                        "scope": {
                          "namespace_": { "key": { "name": { "key": "foo" } } }
                        }
                      }
                    }
                  }
                }
              },
              "type": { "key": "int" },
              "kind": { "local": { "kind": 2, "attribute": 0 } },
              "source": {
                "file": { "key": "test.cpp" },
                "lineBegin": 25,
                "columnBegin": 24,
                "lineEnd": 25,
                "columnEnd": 28
              }
            }
          }
        }
      }
    }
  },
  {
    "key": {
      "trace": {
        "key": {
          "xmap": {
            "key": {
              "file": { "key": "test.cpp" },
              "fixed": [
                {
                  "target": {
                    "declaration": {
                      "variable": {
                        "key": {
                          "name": {
                            "key": {
                              "name": { "key": "a" },
                              "scope": {
                                "local": {
                                  "key": {
                                    "name": {
                                      "key": {
                                        "name": { "key": "this_is_a_function" }
                                      }
                                    },
                                    "scope": {
                                      "namespace_": {
                                        "key": { "name": { "key": "foo" } }
                                      }
                                    }
                                  }
                                }
                              }
                            }
                          },
                          "type": { "key": "int" },
                          "kind": { "local": { "kind": 2, "attribute": 0 } },
                          "source": {
                            "file": { "key": "test.cpp" },
                            "lineBegin": 25,
                            "columnBegin": 24,
                            "lineEnd": 25,
                            "columnEnd": 28
                          }
                        }
                      }
                    }
                  },
                  "from": {
                    "spans": [ { "length": 1, "offsets": [ 445, 18, 4 ] } ],
                    "expansions": [ ],
                    "spellings": [ ]
                  }
                },
                {
                  "target": {
                    "declaration": {
                      "variable": {
                        "key": {
                          "name": {
                            "key": {
                              "name": { "key": "b" },
                              "scope": {
                                "local": {
                                  "key": {
                                    "name": {
                                      "key": {
                                        "name": { "key": "this_is_a_function" }
                                      }
                                    },
                                    "scope": {
                                      "namespace_": {
                                        "key": { "name": { "key": "foo" } }
                                      }
                                    }
                                  }
                                }
                              }
                            }
                          },
                          "type": { "key": "int" },
                          "kind": { "local": { "kind": 2, "attribute": 0 } },
                          "source": {
                            "file": { "key": "test.cpp" },
                            "lineBegin": 25,
                            "columnBegin": 31,
                            "lineEnd": 25,
                            "columnEnd": 35
                          }
                        }
                      }
                    }
                  },
                  "from": {
                    "spans": [ { "length": 1, "offsets": [ 449, 16, 4 ] } ],
                    "expansions": [ ],
                    "spellings": [ ]
                  }
                }
              ],
              "froms": [ ]
            }
          },
          "targets": [ ]
        }
      },
      "xref": {
        "target": {
          "name": "a",
          "file": { "key": "test.cpp" },
          "location": {
            "range": {
              "file": { "key": "test.cpp" },
              "lineBegin": 25,
              "columnBegin": 24,
              "lineEnd": 25,
              "columnEnd": 28
            }
          },
          "destination": {
            "file": { "key": "test.cpp" },
            "span": { "start": 404, "length": 1 }
          }
        },
        "source": { "span": { "start": 463, "length": 1 } }
      },
      "entity": {
        "decl": {
          "variable": {
            "key": {
              "name": {
                "key": {
                  "name": { "key": "a" },
                  "scope": {
                    "local": {
                      "key": {
                        "name": {
                          "key": { "name": { "key": "this_is_a_function" } }
                        },
                        "scope": {
                          "namespace_": { "key": { "name": { "key": "foo" } } }
                        }
                      }
                    }
                  }
                }
              },
              "type": { "key": "int" },
              "kind": { "local": { "kind": 2, "attribute": 0 } },
              "source": {
                "file": { "key": "test.cpp" },
                "lineBegin": 25,
                "columnBegin": 24,
                "lineEnd": 25,
                "columnEnd": 28
              }
            }
          }
        }
      }
    }
  },
  {
    "key": {
      "trace": {
        "key": {
          "xmap": {
            "key": {
              "file": { "key": "test.cpp" },
              "fixed": [
                {
                  "target": {
                    "declaration": {
                      "variable": {
                        "key": {
                          "name": {
                            "key": {
                              "name": { "key": "a" },
                              "scope": {
                                "local": {
                                  "key": {
                                    "name": {
                                      "key": {
                                        "name": { "key": "this_is_a_function" }
                                      }
                                    },
                                    "scope": {
                                      "namespace_": {
                                        "key": { "name": { "key": "foo" } }
                                      }
                                    }
                                  }
                                }
                              }
                            }
                          },
                          "type": { "key": "int" },
                          "kind": { "local": { "kind": 2, "attribute": 0 } },
                          "source": {
                            "file": { "key": "test.cpp" },
                            "lineBegin": 25,
                            "columnBegin": 24,
                            "lineEnd": 25,
                            "columnEnd": 28
                          }
                        }
                      }
                    }
                  },
                  "from": {
                    "spans": [ { "length": 1, "offsets": [ 445, 18, 4 ] } ],
                    "expansions": [ ],
                    "spellings": [ ]
                  }
                },
                {
                  "target": {
                    "declaration": {
                      "variable": {
                        "key": {
                          "name": {
                            "key": {
                              "name": { "key": "b" },
                              "scope": {
                                "local": {
                                  "key": {
                                    "name": {
                                      "key": {
                                        "name": { "key": "this_is_a_function" }
                                      }
                                    },
                                    "scope": {
                                      "namespace_": {
                                        "key": { "name": { "key": "foo" } }
                                      }
                                    }
                                  }
                                }
                              }
                            }
                          },
                          "type": { "key": "int" },
                          "kind": { "local": { "kind": 2, "attribute": 0 } },
                          "source": {
                            "file": { "key": "test.cpp" },
                            "lineBegin": 25,
                            "columnBegin": 31,
                            "lineEnd": 25,
                            "columnEnd": 35
                          }
                        }
                      }
                    }
                  },
                  "from": {
                    "spans": [ { "length": 1, "offsets": [ 449, 16, 4 ] } ],
                    "expansions": [ ],
                    "spellings": [ ]
                  }
                }
              ],
              "froms": [ ]
            }
          },
          "targets": [ ]
        }
      },
      "xref": {
        "target": {
          "name": "a",
          "file": { "key": "test.cpp" },
          "location": {
            "range": {
              "file": { "key": "test.cpp" },
              "lineBegin": 25,
              "columnBegin": 24,
              "lineEnd": 25,
              "columnEnd": 28
            }
          },
          "destination": {
            "file": { "key": "test.cpp" },
            "span": { "start": 404, "length": 1 }
          }
        },
        "source": { "span": { "start": 467, "length": 1 } }
      },
      "entity": {
        "decl": {
          "variable": {
            "key": {
              "name": {
                "key": {
                  "name": { "key": "a" },
                  "scope": {
                    "local": {
                      "key": {
                        "name": {
                          "key": { "name": { "key": "this_is_a_function" } }
                        },
                        "scope": {
                          "namespace_": { "key": { "name": { "key": "foo" } } }
                        }
                      }
                    }
                  }
                }
              },
              "type": { "key": "int" },
              "kind": { "local": { "kind": 2, "attribute": 0 } },
              "source": {
                "file": { "key": "test.cpp" },
                "lineBegin": 25,
                "columnBegin": 24,
                "lineEnd": 25,
                "columnEnd": 28
              }
            }
          }
        }
      }
    }
  },
  {
    "key": {
      "trace": {
        "key": {
          "xmap": {
            "key": {
              "file": { "key": "test.cpp" },
              "fixed": [
                {
                  "target": {
                    "declaration": {
                      "variable": {
                        "key": {
                          "name": {
                            "key": {
                              "name": { "key": "a" },
                              "scope": {
                                "local": {
                                  "key": {
                                    "name": {
                                      "key": {
                                        "name": { "key": "this_is_a_function" }
                                      }
                                    },
                                    "scope": {
                                      "namespace_": {
                                        "key": { "name": { "key": "foo" } }
                                      }
                                    }
                                  }
                                }
                              }
                            }
                          },
                          "type": { "key": "int" },
                          "kind": { "local": { "kind": 2, "attribute": 0 } },
                          "source": {
                            "file": { "key": "test.cpp" },
                            "lineBegin": 25,
                            "columnBegin": 24,
                            "lineEnd": 25,
                            "columnEnd": 28
                          }
                        }
                      }
                    }
                  },
                  "from": {
                    "spans": [ { "length": 1, "offsets": [ 445, 18, 4 ] } ],
                    "expansions": [ ],
                    "spellings": [ ]
                  }
                },
                {
                  "target": {
                    "declaration": {
                      "variable": {
                        "key": {
                          "name": {
                            "key": {
                              "name": { "key": "b" },
                              "scope": {
                                "local": {
                                  "key": {
                                    "name": {
                                      "key": {
                                        "name": { "key": "this_is_a_function" }
                                      }
                                    },
                                    "scope": {
                                      "namespace_": {
                                        "key": { "name": { "key": "foo" } }
                                      }
                                    }
                                  }
                                }
                              }
                            }
                          },
                          "type": { "key": "int" },
                          "kind": { "local": { "kind": 2, "attribute": 0 } },
                          "source": {
                            "file": { "key": "test.cpp" },
                            "lineBegin": 25,
                            "columnBegin": 31,
                            "lineEnd": 25,
                            "columnEnd": 35
                          }
                        }
                      }
                    }
                  },
                  "from": {
                    "spans": [ { "length": 1, "offsets": [ 449, 16, 4 ] } ],
                    "expansions": [ ],
                    "spellings": [ ]
                  }
                }
              ],
              "froms": [ ]
            }
          },
          "targets": [ ]
        }
      },
      "xref": {
        "target": {
          "name": "b",
          "file": { "key": "test.cpp" },
          "location": {
            "range": {
              "file": { "key": "test.cpp" },
              "lineBegin": 25,
              "columnBegin": 31,
              "lineEnd": 25,
              "columnEnd": 35
            }
          },
          "destination": {
            "file": { "key": "test.cpp" },
            "span": { "start": 411, "length": 1 }
          }
        },
        "source": { "span": { "start": 449, "length": 1 } }
      },
      "entity": {
        "decl": {
          "variable": {
            "key": {
              "name": {
                "key": {
                  "name": { "key": "b" },
                  "scope": {
                    "local": {
                      "key": {
                        "name": {
                          "key": { "name": { "key": "this_is_a_function" } }
                        },
                        "scope": {
                          "namespace_": { "key": { "name": { "key": "foo" } } }
                        }
                      }
                    }
                  }
                }
              },
              "type": { "key": "int" },
              "kind": { "local": { "kind": 2, "attribute": 0 } },
              "source": {
                "file": { "key": "test.cpp" },
                "lineBegin": 25,
                "columnBegin": 31,
                "lineEnd": 25,
                "columnEnd": 35
              }
            }
          }
        }
      }
    }
  },
  {
    "key": {
      "trace": {
        "key": {
          "xmap": {
            "key": {
              "file": { "key": "test.cpp" },
              "fixed": [
                {
                  "target": {
                    "declaration": {
                      "variable": {
                        "key": {
                          "name": {
                            "key": {
                              "name": { "key": "a" },
                              "scope": {
                                "local": {
                                  "key": {
                                    "name": {
                                      "key": {
                                        "name": { "key": "this_is_a_function" }
                                      }
                                    },
                                    "scope": {
                                      "namespace_": {
                                        "key": { "name": { "key": "foo" } }
                                      }
                                    }
                                  }
                                }
                              }
                            }
                          },
                          "type": { "key": "int" },
                          "kind": { "local": { "kind": 2, "attribute": 0 } },
                          "source": {
                            "file": { "key": "test.cpp" },
                            "lineBegin": 25,
                            "columnBegin": 24,
                            "lineEnd": 25,
                            "columnEnd": 28
                          }
                        }
                      }
                    }
                  },
                  "from": {
                    "spans": [ { "length": 1, "offsets": [ 445, 18, 4 ] } ],
                    "expansions": [ ],
                    "spellings": [ ]
                  }
                },
                {
                  "target": {
                    "declaration": {
                      "variable": {
                        "key": {
                          "name": {
                            "key": {
                              "name": { "key": "b" },
                              "scope": {
                                "local": {
                                  "key": {
                                    "name": {
                                      "key": {
                                        "name": { "key": "this_is_a_function" }
                                      }
                                    },
                                    "scope": {
                                      "namespace_": {
                                        "key": { "name": { "key": "foo" } }
                                      }
                                    }
                                  }
                                }
                              }
                            }
                          },
                          "type": { "key": "int" },
                          "kind": { "local": { "kind": 2, "attribute": 0 } },
                          "source": {
                            "file": { "key": "test.cpp" },
                            "lineBegin": 25,
                            "columnBegin": 31,
                            "lineEnd": 25,
                            "columnEnd": 35
                          }
                        }
                      }
                    }
                  },
                  "from": {
                    "spans": [ { "length": 1, "offsets": [ 449, 16, 4 ] } ],
                    "expansions": [ ],
                    "spellings": [ ]
                  }
                }
              ],
              "froms": [ ]
            }
          },
          "targets": [ ]
        }
      },
      "xref": {
        "target": {
          "name": "b",
          "file": { "key": "test.cpp" },
          "location": {
            "range": {
              "file": { "key": "test.cpp" },
              "lineBegin": 25,
              "columnBegin": 31,
              "lineEnd": 25,
              "columnEnd": 35
            }
          },
          "destination": {
            "file": { "key": "test.cpp" },
            "span": { "start": 411, "length": 1 }
          }
        },
        "source": { "span": { "start": 465, "length": 1 } }
      },
      "entity": {
        "decl": {
          "variable": {
            "key": {
              "name": {
                "key": {
                  "name": { "key": "b" },
                  "scope": {
                    "local": {
                      "key": {
                        "name": {
                          "key": { "name": { "key": "this_is_a_function" } }
                        },
                        "scope": {
                          "namespace_": { "key": { "name": { "key": "foo" } } }
                        }
                      }
                    }
                  }
                }
              },
              "type": { "key": "int" },
              "kind": { "local": { "kind": 2, "attribute": 0 } },
              "source": {
                "file": { "key": "test.cpp" },
                "lineBegin": 25,
                "columnBegin": 31,
                "lineEnd": 25,
                "columnEnd": 35
              }
            }
          }
        }
      }
    }
  },
  {
    "key": {
      "trace": {
        "key": {
          "xmap": {
            "key": {
              "file": { "key": "test.cpp" },
              "fixed": [
                {
                  "target": {
                    "declaration": {
                      "variable": {
                        "key": {
                          "name": {
                            "key": {
                              "name": { "key": "a" },
                              "scope": {
                                "local": {
                                  "key": {
                                    "name": {
                                      "key": {
                                        "name": { "key": "this_is_a_function" }
                                      }
                                    },
                                    "scope": {
                                      "namespace_": {
                                        "key": { "name": { "key": "foo" } }
                                      }
                                    }
                                  }
                                }
                              }
                            }
                          },
                          "type": { "key": "int" },
                          "kind": { "local": { "kind": 2, "attribute": 0 } },
                          "source": {
                            "file": { "key": "test.cpp" },
                            "lineBegin": 25,
                            "columnBegin": 24,
                            "lineEnd": 25,
                            "columnEnd": 28
                          }
                        }
                      }
                    }
                  },
                  "from": {
                    "spans": [ { "length": 1, "offsets": [ 445, 18, 4 ] } ],
                    "expansions": [ ],
                    "spellings": [ ]
                  }
                },
                {
                  "target": {
                    "declaration": {
                      "variable": {
                        "key": {
                          "name": {
                            "key": {
                              "name": { "key": "b" },
                              "scope": {
                                "local": {
                                  "key": {
                                    "name": {
                                      "key": {
                                        "name": { "key": "this_is_a_function" }
                                      }
                                    },
                                    "scope": {
                                      "namespace_": {
                                        "key": { "name": { "key": "foo" } }
                                      }
                                    }
                                  }
                                }
                              }
                            }
                          },
                          "type": { "key": "int" },
                          "kind": { "local": { "kind": 2, "attribute": 0 } },
                          "source": {
                            "file": { "key": "test.cpp" },
                            "lineBegin": 25,
                            "columnBegin": 31,
                            "lineEnd": 25,
                            "columnEnd": 35
                          }
                        }
                      }
                    }
                  },
                  "from": {
                    "spans": [ { "length": 1, "offsets": [ 449, 16, 4 ] } ],
                    "expansions": [ ],
                    "spellings": [ ]
                  }
                }
              ],
              "froms": [ ]
            }
          },
          "targets": [ ]
        }
      },
      "xref": {
        "target": {
          "name": "b",
          "file": { "key": "test.cpp" },
          "location": {
            "range": {
              "file": { "key": "test.cpp" },
              "lineBegin": 25,
              "columnBegin": 31,
              "lineEnd": 25,
              "columnEnd": 35
            }
          },
          "destination": {
            "file": { "key": "test.cpp" },
            "span": { "start": 411, "length": 1 }
          }
        },
        "source": { "span": { "start": 469, "length": 1 } }
      },
      "entity": {
        "decl": {
          "variable": {
            "key": {
              "name": {
                "key": {
                  "name": { "key": "b" },
                  "scope": {
                    "local": {
                      "key": {
                        "name": {
                          "key": { "name": { "key": "this_is_a_function" } }
                        },
                        "scope": {
                          "namespace_": { "key": { "name": { "key": "foo" } } }
                        }
                      }
                    }
                  }
                }
              },
              "type": { "key": "int" },
              "kind": { "local": { "kind": 2, "attribute": 0 } },
              "source": {
                "file": { "key": "test.cpp" },
                "lineBegin": 25,
                "columnBegin": 31,
                "lineEnd": 25,
                "columnEnd": 35
              }
            }
          }
        }
      }
    }
  }
]