[
  "@generated",
  {
    "key": {
      "name": "foo",
      "language": 0,
      "kinds": 5,
      "entity": {
        "cxx": {
          "defn": {
            "namespace_": {
              "key": {
                "declaration": {
                  "key": {
                    "name": { "key": { "name": { "key": "foo" } } },
                    "source": {
                      "file": { "key": "test.cpp" },
                      "lineBegin": 9,
                      "columnBegin": 1,
                      "lineEnd": 26,
                      "columnEnd": 1
                    }
                  }
                },
                "members": {
                  "key": [
                    {
                      "record_": {
                        "key": {
                          "name": {
                            "key": {
                              "name": { "key": "S" },
                              "scope": {
                                "namespace_": {
                                  "key": { "name": { "key": "foo" } }
                                }
                              }
                            }
                          },
                          "kind": { "struct_": { } },
                          "source": {
                            "file": { "key": "test.cpp" },
                            "lineBegin": 11,
                            "columnBegin": 1,
                            "lineEnd": 11,
                            "columnEnd": 19
                          }
                        }
                      }
                    },
                    {
                      "record_": {
                        "key": {
                          "name": {
                            "key": {
                              "name": { "key": "U" },
                              "scope": {
                                "namespace_": {
                                  "key": { "name": { "key": "foo" } }
                                }
                              }
                            }
                          },
                          "kind": { "union_": { } },
                          "source": {
                            "file": { "key": "test.cpp" },
                            "lineBegin": 13,
                            "columnBegin": 1,
                            "lineEnd": 17,
                            "columnEnd": 1
                          }
                        }
                      }
                    },
                    {
                      "enum_": {
                        "key": {
                          "name": {
                            "key": {
                              "name": { "key": "E" },
                              "scope": {
                                "namespace_": {
                                  "key": { "name": { "key": "foo" } }
                                }
                              }
                            }
                          },
                          "isScoped": false,
                          "source": {
                            "file": { "key": "test.cpp" },
                            "lineBegin": 19,
                            "columnBegin": 1,
                            "lineEnd": 19,
                            "columnEnd": 24
                          }
                        }
                      }
                    },
                    {
                      "function_": {
                        "key": {
                          "name": {
                            "key": {
                              "name": {
                                "key": {
                                  "name": { "key": "this_is_a_function" }
                                }
                              },
                              "scope": {
                                "namespace_": {
                                  "key": { "name": { "key": "foo" } }
                                }
                              }
                            }
                          },
                          "signature": {
                            "key": {
                              "returns": { "key": "int" },
                              "parameters": [
                                {
                                  "name": { "key": "a" },
                                  "type": { "key": "int" }
                                },
                                {
                                  "name": { "key": "b" },
                                  "type": { "key": "int" }
                                }
                              ]
                            }
                          },
                          "source": {
                            "file": { "key": "test.cpp" },
                            "lineBegin": 21,
                            "columnBegin": 1,
                            "lineEnd": 24,
                            "columnEnd": 1
                          }
                        }
                      }
                    }
                  ]
                }
              }
            }
          }
        }
      }
    }
  }
]