[
    "@generated",
    {
        "contains_relation": {
            "firstChild": "nondeterministic",
            "firstParent": "nondeterministic",
            "hasMoreChildren": false,
            "hasMoreParents": false
        },
        "extends_relation": {
            "firstChild": "nondeterministic",
            "firstParent": "nondeterministic",
            "hasMoreChildren": false,
            "hasMoreParents": false
        },
        "kind": 21,
        "language": 2,
        "location": {
            "filepath": "test/imports.js",
            "range": {
                "columnBegin": 5,
                "columnEnd": 19,
                "lineBegin": 37,
                "lineEnd": 37
            },
            "repository": "test"
        },
        "modifiers": [],
        "name": {
            "container": "imports",
            "localName": "s"
        },
        "pretty_comments": [],
        "repo_hash": "testhash",
        "signature": "s: string",
        "sym": "test/js/test/imports.js/s",
        "sym_location": {
            "filepath": "test/imports.js",
            "range": {
                "columnBegin": 5,
                "columnEnd": 19,
                "lineBegin": 37,
                "lineEnd": 37
            },
            "repository": "test"
        },
        "sym_other_locations": [],
        "type_xrefs": []
    }
]