[
  "@generated",
  {
    "key": {
      "name": "foo",
      "language": 0,
      "kinds": 5,
      "entity": {
        "cxx": {
          "defn": {
            "namespace_": {
              "key": {
                "declaration": {
                  "key": {
                    "name": { "key": { "name": { "key": "foo" } } },
                    "source": {
                      "file": { "key": "test.cpp" },
                      "lineBegin": 9,
                      "columnBegin": 1,
                      "lineEnd": 24,
                      "columnEnd": 1
                    }
                  }
                },
                "members": {
                  "key": [
                    {
                      "record_": {
                        "key": {
                          "name": {
                            "key": {
                              "name": { "key": "S" },
                              "scope": {
                                "namespace_": {
                                  "key": { "name": { "key": "foo" } }
                                }
                              }
                            }
                          },
                          "kind": { "struct_": { } },
                          "source": {
                            "file": { "key": "test.cpp" },
                            "lineBegin": 11,
                            "columnBegin": 1,
                            "lineEnd": 11,
                            "columnEnd": 11
                          }
                        }
                      }
                    },
                    {
                      "function_": {
                        "key": {
                          "name": {
                            "key": {
                              "name": { "key": { "name": { "key": "f" } } },
                              "scope": {
                                "namespace_": {
                                  "key": { "name": { "key": "foo" } }
                                }
                              }
                            }
                          },
                          "signature": {
                            "key": {
                              "returns": { "key": "void" },
                              "parameters": [ ]
                            }
                          },
                          "source": {
                            "file": { "key": "test.cpp" },
                            "lineBegin": 16,
                            "columnBegin": 1,
                            "lineEnd": 16,
                            "columnEnd": 8
                          }
                        }
                      }
                    },
                    {
                      "namespace_": {
                        "key": {
                          "name": {
                            "key": {
                              "name": { "key": "bar" },
                              "parent": { "key": { "name": { "key": "foo" } } }
                            }
                          },
                          "source": {
                            "file": { "key": "test.cpp" },
                            "lineBegin": 18,
                            "columnBegin": 1,
                            "lineEnd": 23,
                            "columnEnd": 1
                          }
                        }
                      }
                    }
                  ]
                }
              }
            }
          }
        }
      }
    }
  }
]