[
  "@generated",
  { "key": { "name_lowercase": "g", "name": "g" } },
  { "key": { "name_lowercase": "main", "name": "main" } }
]