[
  "@generated",
  {
    "key": {
      "name": "class_var",
      "parent": {
        "key": {
          "local_name": { "key": "HelperClass" },
          "parent": { "key": { "local_name": { "key": "lib" } } }
        }
      },
      "decl": { "key": { "name": { "key": "lib.HelperClass.class_var" } } }
    }
  },
  {
    "key": {
      "name": "cls",
      "parent": {
        "key": {
          "local_name": { "key": "<locals>" },
          "parent": {
            "key": {
              "local_name": { "key": "class_method" },
              "parent": {
                "key": {
                  "local_name": { "key": "HelperClass" },
                  "parent": { "key": { "local_name": { "key": "lib" } } }
                }
              }
            }
          }
        }
      },
      "decl": {
        "key": {
          "name": { "key": "lib.HelperClass.class_method.<locals>.cls" }
        }
      }
    }
  },
  {
    "key": {
      "name": "instance_var",
      "parent": {
        "key": {
          "local_name": { "key": "HelperClass" },
          "parent": { "key": { "local_name": { "key": "lib" } } }
        }
      },
      "decl": { "key": { "name": { "key": "lib.HelperClass.instance_var" } } }
    }
  },
  {
    "key": {
      "name": "old_style_class_var",
      "parent": {
        "key": {
          "local_name": { "key": "HelperClass" },
          "parent": { "key": { "local_name": { "key": "lib" } } }
        }
      },
      "decl": {
        "key": { "name": { "key": "lib.HelperClass.old_style_class_var" } }
      }
    }
  },
  {
    "key": {
      "name": "self",
      "parent": {
        "key": {
          "local_name": { "key": "<locals>" },
          "parent": {
            "key": {
              "local_name": { "key": "abstract_method" },
              "parent": {
                "key": {
                  "local_name": { "key": "AbstractClass" },
                  "parent": { "key": { "local_name": { "key": "lib" } } }
                }
              }
            }
          }
        }
      },
      "decl": {
        "key": {
          "name": { "key": "lib.AbstractClass.abstract_method.<locals>.self" }
        }
      }
    }
  },
  {
    "key": {
      "name": "self",
      "parent": {
        "key": {
          "local_name": { "key": "<locals>" },
          "parent": {
            "key": {
              "local_name": { "key": "method" },
              "parent": {
                "key": {
                  "local_name": { "key": "HelperClass" },
                  "parent": { "key": { "local_name": { "key": "lib" } } }
                }
              }
            }
          }
        }
      },
      "decl": {
        "key": { "name": { "key": "lib.HelperClass.method.<locals>.self" } }
      }
    }
  }
]