[ "@generated", { "key": { "name_lowercase": "big_var", "name": "big_var" } } ]