[
  "@generated",
  {
    "key": {
      "name": "N",
      "language": 0,
      "kinds": 5,
      "entity": {
        "cxx": {
          "defn": {
            "namespace_": {
              "key": {
                "declaration": {
                  "key": {
                    "name": { "key": { "name": { "key": "N" } } },
                    "source": {
                      "file": { "key": "test.cpp" },
                      "lineBegin": 11,
                      "columnBegin": 1,
                      "lineEnd": 13,
                      "columnEnd": 1
                    }
                  }
                },
                "members": {
                  "key": [
                    {
                      "function_": {
                        "key": {
                          "name": {
                            "key": {
                              "name": { "key": { "name": { "key": "foo" } } },
                              "scope": {
                                "namespace_": {
                                  "key": { "name": { "key": "N" } }
                                }
                              }
                            }
                          },
                          "signature": {
                            "key": {
                              "returns": { "key": "void" },
                              "parameters": [ ]
                            }
                          },
                          "source": {
                            "file": { "key": "test.cpp" },
                            "lineBegin": 12,
                            "columnBegin": 3,
                            "lineEnd": 12,
                            "columnEnd": 15
                          }
                        }
                      }
                    }
                  ]
                }
              }
            }
          }
        }
      }
    }
  }
]