[
  "@generated",
  { "key": { "name_lowercase": "f", "name": "f" } },
  { "key": { "name_lowercase": "foo", "name": "foo" } }
]