[
  "@generated",
  { "key": { "name_lowercase": "bar", "name": "Bar" } },
  { "key": { "name_lowercase": "foo", "name": "Foo" } },
  { "key": { "name_lowercase": "xxx", "name": "XXX" } },
  { "key": { "name_lowercase": "yyy", "name": "YYY" } },
  { "key": { "name_lowercase": "zzz", "name": "ZZZ" } }
]