[
  "@generated",
  { "key": { "name_lowercase": "one", "name": "one" } },
  { "key": { "name_lowercase": "somefunc", "name": "someFunc" } },
  { "key": { "name_lowercase": "two", "name": "two" } }
]