[
  "@generated",
  {
    "key": {
      "name": "call",
      "language": 0,
      "kinds": 13,
      "entity": {
        "cxx": {
          "defn": {
            "function_": {
              "key": {
                "declaration": {
                  "key": {
                    "name": {
                      "key": {
                        "name": { "key": { "name": { "key": "call" } } },
                        "scope": { "global_": { } }
                      }
                    },
                    "signature": {
                      "key": {
                        "returns": { "key": "void" },
                        "parameters": [
                          { "name": { "key": "s" }, "type": { "key": "J *" } }
                        ]
                      }
                    },
                    "source": {
                      "file": { "key": "test.m" },
                      "lineBegin": 16,
                      "columnBegin": 1,
                      "lineEnd": 19,
                      "columnEnd": 1
                    }
                  }
                },
                "isInline": false
              }
            }
          }
        }
      }
    }
  }
]