[
    "@generated",
    {
        "location": {
            "filepath": "test.cpp",
            "range": {
                "columnBegin": 1,
                "columnEnd": 2,
                "lineBegin": 33,
                "lineEnd": 43
            },
            "repository": "test"
        },
        "revision": "testhash"
    }
]