[
    "@generated",
    {
        "symbolDetails": [
            {
                "contains_relation": {
                    "firstChild": "nondeterministic",
                    "firstParent": "nondeterministic",
                    "hasMoreChildren": false,
                    "hasMoreParents": false
                },
                "extends_relation": {
                    "firstChild": "nondeterministic",
                    "firstParent": "nondeterministic",
                    "hasMoreChildren": false,
                    "hasMoreParents": false
                },
                "kind": 14,
                "language": 1,
                "location": {
                    "filepath": "test.cpp",
                    "range": {
                        "columnBegin": 1,
                        "columnEnd": 2,
                        "lineBegin": 59,
                        "lineEnd": 67
                    },
                    "repository": "test"
                },
                "modifiers": [],
                "name": {
                    "container": "",
                    "localName": "h(int)"
                },
                "native_sym": {
                    "sym": "BBD3198879108CE7"
                },
                "pretty_comments": [
                    {
                        "location": {
                            "filepath": "test.cpp",
                            "range": {
                                "columnBegin": 1,
                                "columnEnd": 4,
                                "lineBegin": 56,
                                "lineEnd": 58
                            },
                            "repository": "test"
                        }
                    }
                ],
                "repo_hash": "testhash",
                "sym": "test/cpp//h/.f/int",
                "sym_location": {
                    "filepath": "test.cpp",
                    "range": {
                        "columnBegin": 1,
                        "columnEnd": 2,
                        "lineBegin": 59,
                        "lineEnd": 67
                    },
                    "repository": "test"
                },
                "sym_other_locations": [],
                "type_xrefs": []
            },
            {
                "annotations": [],
                "contains_relation": {
                    "firstChild": "nondeterministic",
                    "firstParent": "nondeterministic",
                    "hasMoreChildren": false,
                    "hasMoreParents": false
                },
                "extends_relation": {
                    "firstChild": "nondeterministic",
                    "firstParent": "nondeterministic",
                    "hasMoreChildren": false,
                    "hasMoreParents": false
                },
                "kind": 14,
                "language": 1,
                "location": {
                    "filepath": "test.cpp",
                    "range": {
                        "columnBegin": 1,
                        "columnEnd": 15,
                        "lineBegin": 54,
                        "lineEnd": 54
                    },
                    "repository": "test"
                },
                "modifiers": [],
                "name": {
                    "container": "",
                    "localName": "h(int)"
                },
                "native_sym": {
                    "sym": "BBD3198879108CE7"
                },
                "pretty_comments": [
                    {
                        "location": {
                            "filepath": "test.cpp",
                            "range": {
                                "columnBegin": 1,
                                "columnEnd": 4,
                                "lineBegin": 51,
                                "lineEnd": 53
                            },
                            "repository": "test"
                        }
                    }
                ],
                "repo_hash": "testhash",
                "sym": "test/cpp//h/.f/int/.decl",
                "sym_location": {
                    "filepath": "test.cpp",
                    "range": {
                        "columnBegin": 1,
                        "columnEnd": 15,
                        "lineBegin": 54,
                        "lineEnd": 54
                    },
                    "repository": "test"
                },
                "sym_other_locations": [],
                "type_xrefs": []
            },
            {
                "annotations": [],
                "contains_relation": {
                    "firstChild": "nondeterministic",
                    "firstParent": "nondeterministic",
                    "hasMoreChildren": false,
                    "hasMoreParents": false
                },
                "extends_relation": {
                    "firstChild": "nondeterministic",
                    "firstParent": "nondeterministic",
                    "hasMoreChildren": false,
                    "hasMoreParents": false
                },
                "kind": 14,
                "language": 1,
                "location": {
                    "filepath": "test.cpp",
                    "range": {
                        "columnBegin": 1,
                        "columnEnd": 14,
                        "lineBegin": 202,
                        "lineEnd": 202
                    },
                    "repository": "test"
                },
                "modifiers": [],
                "name": {
                    "container": "",
                    "localName": "id(N1::N2::N3::Foo)"
                },
                "pretty_comments": [],
                "repo_hash": "testhash",
                "sym": "test/cpp//id/.f/N1::N2::N3::Foo/.decl",
                "sym_location": {
                    "filepath": "test.cpp",
                    "range": {
                        "columnBegin": 1,
                        "columnEnd": 14,
                        "lineBegin": 202,
                        "lineEnd": 202
                    },
                    "repository": "test"
                },
                "sym_other_locations": [],
                "type_xrefs": []
            }
        ],
        "symbols": [
            {
                "kind": 14,
                "language": 1,
                "location": {
                    "filepath": "test.cpp",
                    "range": {
                        "columnBegin": 1,
                        "columnEnd": 2,
                        "lineBegin": 59,
                        "lineEnd": 67
                    },
                    "repository": "test"
                },
                "name": "h",
                "qname": {
                    "container": "",
                    "localName": "h(int)"
                },
                "score": {
                    "exactness": 2
                },
                "symbol": "test/cpp//h/.f/int"
            },
            {
                "kind": 14,
                "language": 1,
                "location": {
                    "filepath": "test.cpp",
                    "range": {
                        "columnBegin": 1,
                        "columnEnd": 15,
                        "lineBegin": 54,
                        "lineEnd": 54
                    },
                    "repository": "test"
                },
                "name": "h",
                "qname": {
                    "container": "",
                    "localName": "h(int)"
                },
                "score": {
                    "exactness": 2
                },
                "symbol": "test/cpp//h/.f/int/.decl"
            },
            {
                "kind": 14,
                "language": 1,
                "location": {
                    "filepath": "test.cpp",
                    "range": {
                        "columnBegin": 1,
                        "columnEnd": 14,
                        "lineBegin": 202,
                        "lineEnd": 202
                    },
                    "repository": "test"
                },
                "name": "id",
                "qname": {
                    "container": "",
                    "localName": "id(N1::N2::N3::Foo)"
                },
                "score": {
                    "exactness": 2
                },
                "symbol": "test/cpp//id/.f/N1::N2::N3::Foo/.decl"
            }
        ]
    }
]