[
    "@generated",
    {
        "symbolDetails": [
            {
                "contains_relation": {
                    "firstChild": "nondeterministic",
                    "firstParent": "nondeterministic",
                    "hasMoreChildren": true,
                    "hasMoreParents": false
                },
                "extends_relation": {
                    "firstChild": "nondeterministic",
                    "firstParent": "nondeterministic",
                    "hasMoreChildren": false,
                    "hasMoreParents": false
                },
                "kind": 12,
                "language": 1,
                "location": {
                    "filepath": "test.cpp",
                    "range": {
                        "columnBegin": 1,
                        "columnEnd": 27,
                        "lineBegin": 104,
                        "lineEnd": 104
                    },
                    "repository": "test"
                },
                "modifiers": [],
                "name": {
                    "container": "",
                    "localName": "Global"
                },
                "native_sym": {
                    "sym": "DB1D21D02C23A31D"
                },
                "pretty_comments": [],
                "repo_hash": "testhash",
                "sym": "test/cpp//Global",
                "sym_location": {
                    "filepath": "test.cpp",
                    "range": {
                        "columnBegin": 1,
                        "columnEnd": 27,
                        "lineBegin": 104,
                        "lineEnd": 104
                    },
                    "repository": "test"
                },
                "sym_other_locations": [],
                "type_xrefs": []
            },
            {
                "contains_relation": {
                    "firstChild": "nondeterministic",
                    "firstParent": "nondeterministic",
                    "hasMoreChildren": true,
                    "hasMoreParents": false
                },
                "extends_relation": {
                    "firstChild": "nondeterministic",
                    "firstParent": "nondeterministic",
                    "hasMoreChildren": false,
                    "hasMoreParents": false
                },
                "kind": 12,
                "language": 1,
                "location": {
                    "filepath": "test.cpp",
                    "range": {
                        "columnBegin": 1,
                        "columnEnd": 41,
                        "lineBegin": 105,
                        "lineEnd": 105
                    },
                    "repository": "test"
                },
                "modifiers": [],
                "name": {
                    "container": "",
                    "localName": "GlobalClass"
                },
                "native_sym": {
                    "sym": "BB2B21DEEB982133"
                },
                "pretty_comments": [],
                "repo_hash": "testhash",
                "sym": "test/cpp//GlobalClass",
                "sym_location": {
                    "filepath": "test.cpp",
                    "range": {
                        "columnBegin": 1,
                        "columnEnd": 41,
                        "lineBegin": 105,
                        "lineEnd": 105
                    },
                    "repository": "test"
                },
                "sym_other_locations": [],
                "type_xrefs": []
            },
            {
                "contains_relation": {
                    "firstChild": "nondeterministic",
                    "firstParent": "nondeterministic",
                    "hasMoreChildren": true,
                    "hasMoreParents": false
                },
                "extends_relation": {
                    "firstChild": "nondeterministic",
                    "firstParent": "nondeterministic",
                    "hasMoreChildren": false,
                    "hasMoreParents": false
                },
                "kind": 12,
                "language": 1,
                "location": {
                    "filepath": "test.cpp",
                    "range": {
                        "columnBegin": 3,
                        "columnEnd": 26,
                        "lineBegin": 98,
                        "lineEnd": 98
                    },
                    "repository": "test"
                },
                "modifiers": [],
                "name": {
                    "container": "baz::U",
                    "localName": "InU"
                },
                "native_sym": {
                    "sym": "A0CCE49DC9734AF4"
                },
                "pretty_comments": [],
                "repo_hash": "testhash",
                "sym": "test/cpp//baz/U/InU",
                "sym_location": {
                    "filepath": "test.cpp",
                    "range": {
                        "columnBegin": 3,
                        "columnEnd": 26,
                        "lineBegin": 98,
                        "lineEnd": 98
                    },
                    "repository": "test"
                },
                "sym_other_locations": [],
                "type_xrefs": [],
                "visibility": 20
            },
            {
                "contains_relation": {
                    "firstChild": "nondeterministic",
                    "firstParent": "nondeterministic",
                    "hasMoreChildren": true,
                    "hasMoreParents": false
                },
                "extends_relation": {
                    "firstChild": "nondeterministic",
                    "firstParent": "nondeterministic",
                    "hasMoreChildren": false,
                    "hasMoreParents": false
                },
                "kind": 12,
                "language": 1,
                "location": {
                    "filepath": "test.cpp",
                    "range": {
                        "columnBegin": 3,
                        "columnEnd": 40,
                        "lineBegin": 99,
                        "lineEnd": 99
                    },
                    "repository": "test"
                },
                "modifiers": [],
                "name": {
                    "container": "baz::U",
                    "localName": "InUClass"
                },
                "native_sym": {
                    "sym": "0762166ED32F54E0"
                },
                "pretty_comments": [],
                "repo_hash": "testhash",
                "sym": "test/cpp//baz/U/InUClass",
                "sym_location": {
                    "filepath": "test.cpp",
                    "range": {
                        "columnBegin": 3,
                        "columnEnd": 40,
                        "lineBegin": 99,
                        "lineEnd": 99
                    },
                    "repository": "test"
                },
                "sym_other_locations": [],
                "type_xrefs": [],
                "visibility": 20
            },
            {
                "contains_relation": {
                    "firstChild": "nondeterministic",
                    "firstParent": "nondeterministic",
                    "hasMoreChildren": false,
                    "hasMoreParents": false
                },
                "extends_relation": {
                    "firstChild": "nondeterministic",
                    "firstParent": "nondeterministic",
                    "hasMoreChildren": false,
                    "hasMoreParents": false
                },
                "kind": 12,
                "language": 1,
                "location": {
                    "filepath": "test.cpp",
                    "range": {
                        "columnBegin": 3,
                        "columnEnd": 32,
                        "lineBegin": 75,
                        "lineEnd": 75
                    },
                    "repository": "test"
                },
                "modifiers": [],
                "name": {
                    "container": "maybe::Nothing",
                    "localName": "_secret"
                },
                "native_sym": {
                    "sym": "24F6E8D8C3E783C4"
                },
                "pretty_comments": [],
                "repo_hash": "testhash",
                "sym": "test/cpp//maybe/Nothing/_secret",
                "sym_location": {
                    "filepath": "test.cpp",
                    "range": {
                        "columnBegin": 3,
                        "columnEnd": 32,
                        "lineBegin": 75,
                        "lineEnd": 75
                    },
                    "repository": "test"
                },
                "sym_other_locations": [],
                "type_xrefs": [],
                "visibility": 20
            }
        ],
        "symbols": [
            {
                "kind": 12,
                "language": 1,
                "location": {
                    "filepath": "test.cpp",
                    "range": {
                        "columnBegin": 1,
                        "columnEnd": 27,
                        "lineBegin": 104,
                        "lineEnd": 104
                    },
                    "repository": "test"
                },
                "name": "Global",
                "qname": {
                    "container": "",
                    "localName": "Global"
                },
                "score": {
                    "exactness": 2
                },
                "symbol": "test/cpp//Global"
            },
            {
                "kind": 12,
                "language": 1,
                "location": {
                    "filepath": "test.cpp",
                    "range": {
                        "columnBegin": 1,
                        "columnEnd": 41,
                        "lineBegin": 105,
                        "lineEnd": 105
                    },
                    "repository": "test"
                },
                "name": "GlobalClass",
                "qname": {
                    "container": "",
                    "localName": "GlobalClass"
                },
                "score": {
                    "exactness": 2
                },
                "symbol": "test/cpp//GlobalClass"
            },
            {
                "kind": 12,
                "language": 1,
                "location": {
                    "filepath": "test.cpp",
                    "range": {
                        "columnBegin": 3,
                        "columnEnd": 26,
                        "lineBegin": 98,
                        "lineEnd": 98
                    },
                    "repository": "test"
                },
                "name": "InU",
                "qname": {
                    "container": "baz::U",
                    "localName": "InU"
                },
                "score": {
                    "exactness": 2
                },
                "symbol": "test/cpp//baz/U/InU"
            },
            {
                "kind": 12,
                "language": 1,
                "location": {
                    "filepath": "test.cpp",
                    "range": {
                        "columnBegin": 3,
                        "columnEnd": 40,
                        "lineBegin": 99,
                        "lineEnd": 99
                    },
                    "repository": "test"
                },
                "name": "InUClass",
                "qname": {
                    "container": "baz::U",
                    "localName": "InUClass"
                },
                "score": {
                    "exactness": 2
                },
                "symbol": "test/cpp//baz/U/InUClass"
            },
            {
                "kind": 12,
                "language": 1,
                "location": {
                    "filepath": "test.cpp",
                    "range": {
                        "columnBegin": 3,
                        "columnEnd": 32,
                        "lineBegin": 75,
                        "lineEnd": 75
                    },
                    "repository": "test"
                },
                "name": "_secret",
                "qname": {
                    "container": "maybe::Nothing",
                    "localName": "_secret"
                },
                "score": {
                    "exactness": 2
                },
                "symbol": "test/cpp//maybe/Nothing/_secret"
            }
        ]
    }
]