[
    "@generated",
    {
        "symbolDetails": [
            {
                "annotations": [
                    {
                        "name": "__EnumClass",
                        "source": "__EnumClass"
                    }
                ],
                "contains_relation": {
                    "firstChild": "nondeterministic",
                    "firstParent": "nondeterministic",
                    "hasMoreChildren": false,
                    "hasMoreParents": false
                },
                "extends_relation": {
                    "firstChild": "nondeterministic",
                    "firstParent": "nondeterministic",
                    "hasMoreChildren": false,
                    "hasMoreParents": false
                },
                "kind": 12,
                "language": 3,
                "location": {
                    "filepath": "www/ModuleMember.php",
                    "range": {
                        "columnBegin": 1,
                        "columnEnd": 55,
                        "lineBegin": 28,
                        "lineEnd": 28
                    },
                    "repository": "test"
                },
                "modifiers": [],
                "name": {
                    "container": "",
                    "localName": "EnumClassExample"
                },
                "pretty_comments": [],
                "repo_hash": "testhash",
                "sym": "test/php/EnumClassExample",
                "sym_location": {
                    "filepath": "www/ModuleMember.php",
                    "range": {
                        "columnBegin": 1,
                        "columnEnd": 55,
                        "lineBegin": 28,
                        "lineEnd": 28
                    },
                    "repository": "test"
                },
                "sym_other_locations": [],
                "type_xrefs": [],
                "visibility": 50
            },
            {
                "annotations": [],
                "contains_relation": {
                    "firstChild": "nondeterministic",
                    "firstParent": "nondeterministic",
                    "hasMoreChildren": true,
                    "hasMoreParents": false
                },
                "extends_relation": {
                    "firstChild": "nondeterministic",
                    "firstParent": "nondeterministic",
                    "hasMoreChildren": false,
                    "hasMoreParents": false
                },
                "kind": 12,
                "language": 3,
                "location": {
                    "filepath": "www/TopLevel.php",
                    "range": {
                        "columnBegin": 1,
                        "columnEnd": 2,
                        "lineBegin": 16,
                        "lineEnd": 22
                    },
                    "repository": "test"
                },
                "modifiers": [],
                "name": {
                    "container": "",
                    "localName": "Position"
                },
                "pretty_comments": [],
                "repo_hash": "testhash",
                "sym": "test/php/Position",
                "sym_location": {
                    "filepath": "www/TopLevel.php",
                    "range": {
                        "columnBegin": 1,
                        "columnEnd": 2,
                        "lineBegin": 16,
                        "lineEnd": 22
                    },
                    "repository": "test"
                },
                "sym_other_locations": [],
                "type_xrefs": []
            },
            {
                "annotations": [],
                "contains_relation": {
                    "firstChild": "nondeterministic",
                    "firstParent": "nondeterministic",
                    "hasMoreChildren": true,
                    "hasMoreParents": false
                },
                "extends_relation": {
                    "firstChild": "nondeterministic",
                    "firstParent": "nondeterministic",
                    "hasMoreChildren": false,
                    "hasMoreParents": false
                },
                "kind": 12,
                "language": 3,
                "location": {
                    "filepath": "www/SourceEnum.php",
                    "range": {
                        "columnBegin": 1,
                        "columnEnd": 2,
                        "lineBegin": 10,
                        "lineEnd": 13
                    },
                    "repository": "test"
                },
                "modifiers": [],
                "name": {
                    "container": "",
                    "localName": "SourceEnum"
                },
                "pretty_comments": [],
                "repo_hash": "testhash",
                "sym": "test/php/SourceEnum",
                "sym_location": {
                    "filepath": "www/SourceEnum.php",
                    "range": {
                        "columnBegin": 1,
                        "columnEnd": 2,
                        "lineBegin": 10,
                        "lineEnd": 13
                    },
                    "repository": "test"
                },
                "sym_other_locations": [],
                "type_xrefs": []
            },
            {
                "annotations": [],
                "contains_relation": {
                    "firstChild": "nondeterministic",
                    "firstParent": "nondeterministic",
                    "hasMoreChildren": true,
                    "hasMoreParents": false
                },
                "extends_relation": {
                    "firstChild": "nondeterministic",
                    "firstParent": "nondeterministic",
                    "hasMoreChildren": false,
                    "hasMoreParents": false
                },
                "kind": 12,
                "language": 3,
                "location": {
                    "filepath": "www/SourceEnum.php",
                    "range": {
                        "columnBegin": 1,
                        "columnEnd": 2,
                        "lineBegin": 15,
                        "lineEnd": 19
                    },
                    "repository": "test"
                },
                "modifiers": [],
                "name": {
                    "container": "",
                    "localName": "SourceEnum2"
                },
                "pretty_comments": [],
                "repo_hash": "testhash",
                "sym": "test/php/SourceEnum2",
                "sym_location": {
                    "filepath": "www/SourceEnum.php",
                    "range": {
                        "columnBegin": 1,
                        "columnEnd": 2,
                        "lineBegin": 15,
                        "lineEnd": 19
                    },
                    "repository": "test"
                },
                "sym_other_locations": [],
                "type_xrefs": []
            },
            {
                "annotations": [
                    {
                        "name": "__EnumClass",
                        "source": "__EnumClass"
                    }
                ],
                "contains_relation": {
                    "firstChild": "nondeterministic",
                    "firstParent": "nondeterministic",
                    "hasMoreChildren": false,
                    "hasMoreParents": false
                },
                "extends_relation": {
                    "firstChild": "nondeterministic",
                    "firstParent": "nondeterministic",
                    "hasMoreChildren": false,
                    "hasMoreParents": false
                },
                "kind": 12,
                "language": 3,
                "location": {
                    "filepath": "www/SourceEnum.php",
                    "range": {
                        "columnBegin": 1,
                        "columnEnd": 44,
                        "lineBegin": 23,
                        "lineEnd": 23
                    },
                    "repository": "test"
                },
                "modifiers": [],
                "name": {
                    "container": "",
                    "localName": "SourceEnumClass3"
                },
                "pretty_comments": [],
                "repo_hash": "testhash",
                "sym": "test/php/SourceEnumClass3",
                "sym_location": {
                    "filepath": "www/SourceEnum.php",
                    "range": {
                        "columnBegin": 1,
                        "columnEnd": 44,
                        "lineBegin": 23,
                        "lineEnd": 23
                    },
                    "repository": "test"
                },
                "sym_other_locations": [],
                "type_xrefs": []
            }
        ],
        "symbols": [
            {
                "kind": 12,
                "language": 3,
                "location": {
                    "filepath": "www/ModuleMember.php",
                    "range": {
                        "columnBegin": 1,
                        "columnEnd": 55,
                        "lineBegin": 28,
                        "lineEnd": 28
                    },
                    "repository": "test"
                },
                "name": "EnumClassExample",
                "qname": {
                    "container": "",
                    "localName": "EnumClassExample"
                },
                "score": {
                    "exactness": 2
                },
                "symbol": "test/php/EnumClassExample"
            },
            {
                "kind": 12,
                "language": 3,
                "location": {
                    "filepath": "www/TopLevel.php",
                    "range": {
                        "columnBegin": 1,
                        "columnEnd": 2,
                        "lineBegin": 16,
                        "lineEnd": 22
                    },
                    "repository": "test"
                },
                "name": "Position",
                "qname": {
                    "container": "",
                    "localName": "Position"
                },
                "score": {
                    "exactness": 2
                },
                "symbol": "test/php/Position"
            },
            {
                "kind": 12,
                "language": 3,
                "location": {
                    "filepath": "www/SourceEnum.php",
                    "range": {
                        "columnBegin": 1,
                        "columnEnd": 2,
                        "lineBegin": 10,
                        "lineEnd": 13
                    },
                    "repository": "test"
                },
                "name": "SourceEnum",
                "qname": {
                    "container": "",
                    "localName": "SourceEnum"
                },
                "score": {
                    "exactness": 2
                },
                "symbol": "test/php/SourceEnum"
            },
            {
                "kind": 12,
                "language": 3,
                "location": {
                    "filepath": "www/SourceEnum.php",
                    "range": {
                        "columnBegin": 1,
                        "columnEnd": 2,
                        "lineBegin": 15,
                        "lineEnd": 19
                    },
                    "repository": "test"
                },
                "name": "SourceEnum2",
                "qname": {
                    "container": "",
                    "localName": "SourceEnum2"
                },
                "score": {
                    "exactness": 2
                },
                "symbol": "test/php/SourceEnum2"
            },
            {
                "kind": 12,
                "language": 3,
                "location": {
                    "filepath": "www/SourceEnum.php",
                    "range": {
                        "columnBegin": 1,
                        "columnEnd": 44,
                        "lineBegin": 23,
                        "lineEnd": 23
                    },
                    "repository": "test"
                },
                "name": "SourceEnumClass3",
                "qname": {
                    "container": "",
                    "localName": "SourceEnumClass3"
                },
                "score": {
                    "exactness": 2
                },
                "symbol": "test/php/SourceEnumClass3"
            }
        ]
    }
]