[
    "@generated",
    {
        "edges": [
            {
                "child": "test/php/RefClass",
                "parent": "test/php/SourceInterface"
            }
        ],
        "symbolDetails": {
            "test/php/RefClass": {
                "annotations": [],
                "contains_relation": {
                    "firstChild": "nondeterministic",
                    "firstParent": "nondeterministic",
                    "hasMoreChildren": true,
                    "hasMoreParents": false
                },
                "extends_relation": {
                    "firstChild": "nondeterministic",
                    "firstParent": "nondeterministic",
                    "hasMoreChildren": false,
                    "hasMoreParents": true
                },
                "kind": 7,
                "language": 3,
                "location": {
                    "filepath": "www/RefClass.php",
                    "range": {
                        "columnBegin": 1,
                        "columnEnd": 2,
                        "lineBegin": 10,
                        "lineEnd": 37
                    },
                    "repository": "test"
                },
                "modifiers": [],
                "name": {
                    "container": "",
                    "localName": "RefClass"
                },
                "pretty_comments": [],
                "repo_hash": "testhash",
                "signature": "class RefClass",
                "sym": "test/php/RefClass",
                "sym_location": {
                    "filepath": "www/RefClass.php",
                    "range": {
                        "columnBegin": 1,
                        "columnEnd": 2,
                        "lineBegin": 10,
                        "lineEnd": 37
                    },
                    "repository": "test"
                },
                "sym_other_locations": [],
                "type_xrefs": [
                    {
                        "span": {
                            "length": 8,
                            "start": 6
                        },
                        "type": "test/php/RefClass"
                    }
                ]
            },
            "test/php/SourceInterface": {
                "annotations": [],
                "contains_relation": {
                    "firstChild": "nondeterministic",
                    "firstParent": "nondeterministic",
                    "hasMoreChildren": true,
                    "hasMoreParents": false
                },
                "extends_relation": {
                    "firstChild": "nondeterministic",
                    "firstParent": "nondeterministic",
                    "hasMoreChildren": false,
                    "hasMoreParents": false
                },
                "kind": 13,
                "language": 3,
                "location": {
                    "filepath": "www/SourceInterface.php",
                    "range": {
                        "columnBegin": 1,
                        "columnEnd": 2,
                        "lineBegin": 10,
                        "lineEnd": 18
                    },
                    "repository": "test"
                },
                "modifiers": [],
                "name": {
                    "container": "",
                    "localName": "SourceInterface"
                },
                "pretty_comments": [],
                "repo_hash": "testhash",
                "signature": "interface SourceInterface",
                "sym": "test/php/SourceInterface",
                "sym_location": {
                    "filepath": "www/SourceInterface.php",
                    "range": {
                        "columnBegin": 1,
                        "columnEnd": 2,
                        "lineBegin": 10,
                        "lineEnd": 18
                    },
                    "repository": "test"
                },
                "sym_other_locations": [],
                "type_xrefs": [
                    {
                        "span": {
                            "length": 15,
                            "start": 10
                        },
                        "type": "test/php/SourceInterface"
                    }
                ]
            }
        }
    }
]