[
  "@generated",
  {
    "key": {
      "name": "Foo",
      "scope": { "namespace_": { "key": { "name": { "key": "N1" } } } },
      "entity": {
        "decl": {
          "enum_": {
            "key": {
              "name": {
                "key": {
                  "name": { "key": "Foo" },
                  "scope": {
                    "namespace_": { "key": { "name": { "key": "N1" } } }
                  }
                }
              },
              "isScoped": false,
              "source": {
                "file": { "key": "test.cpp" },
                "lineBegin": 10,
                "columnBegin": 1,
                "lineEnd": 10,
                "columnEnd": 12
              }
            }
          }
        }
      }
    }
  }
]