[
  "@generated",
  {
    "key": {
      "file": { "key": "test.cpp" },
      "genEntity": {
        "plainEntity": {
          "xref": {
            "target": {
              "name": "N2",
              "file": { "key": "test.cpp" },
              "location": {
                "range": {
                  "file": { "key": "test.cpp" },
                  "lineBegin": 12,
                  "columnBegin": 1,
                  "lineEnd": 15,
                  "columnEnd": 1
                }
              },
              "destination": {
                "file": { "key": "test.cpp" },
                "span": { "start": 279, "length": 2 }
              }
            },
            "source": { "span": { "start": 428, "length": 2 } }
          },
          "entity": {
            "cxx": {
              "defn": {
                "namespace_": {
                  "key": {
                    "declaration": {
                      "key": {
                        "name": {
                          "key": {
                            "name": { "key": "N2" },
                            "parent": { "key": { "name": { "key": "N1" } } }
                          }
                        },
                        "source": {
                          "file": { "key": "test.cpp" },
                          "lineBegin": 12,
                          "columnBegin": 1,
                          "lineEnd": 15,
                          "columnEnd": 1
                        }
                      }
                    },
                    "members": {
                      "key": [
                        {
                          "namespace_": {
                            "key": {
                              "name": {
                                "key": {
                                  "name": { "key": "N3" },
                                  "parent": {
                                    "key": {
                                      "name": { "key": "N2" },
                                      "parent": {
                                        "key": { "name": { "key": "N1" } }
                                      }
                                    }
                                  }
                                }
                              },
                              "source": {
                                "file": { "key": "test.cpp" },
                                "lineBegin": 13,
                                "columnBegin": 1,
                                "lineEnd": 14,
                                "columnEnd": 1
                              }
                            }
                          }
                        }
                      ]
                    }
                  }
                }
              }
            }
          }
        }
      }
    }
  },
  {
    "key": {
      "file": { "key": "test.cpp" },
      "genEntity": {
        "plainEntity": {
          "xref": {
            "target": {
              "name": "N3",
              "file": { "key": "test.cpp" },
              "location": {
                "range": {
                  "file": { "key": "test.cpp" },
                  "lineBegin": 13,
                  "columnBegin": 1,
                  "lineEnd": 14,
                  "columnEnd": 1
                }
              },
              "destination": {
                "file": { "key": "test.cpp" },
                "span": { "start": 294, "length": 2 }
              }
            },
            "source": { "span": { "start": 432, "length": 2 } }
          },
          "entity": {
            "cxx": {
              "defn": {
                "namespace_": {
                  "key": {
                    "declaration": {
                      "key": {
                        "name": {
                          "key": {
                            "name": { "key": "N3" },
                            "parent": {
                              "key": {
                                "name": { "key": "N2" },
                                "parent": { "key": { "name": { "key": "N1" } } }
                              }
                            }
                          }
                        },
                        "source": {
                          "file": { "key": "test.cpp" },
                          "lineBegin": 13,
                          "columnBegin": 1,
                          "lineEnd": 14,
                          "columnEnd": 1
                        }
                      }
                    },
                    "members": { "key": [ ] }
                  }
                }
              }
            }
          }
        }
      }
    }
  }
]