[
  "@generated",
  {
    "key": {
      "name": "f",
      "language": 0,
      "kinds": 13,
      "entity": {
        "cxx": {
          "decl": {
            "function_": {
              "key": {
                "name": {
                  "key": {
                    "name": { "key": { "name": { "key": "f" } } },
                    "scope": {
                      "recordWithAccess": {
                        "record": {
                          "key": {
                            "name": { "key": "A" },
                            "scope": { "global_": { } }
                          }
                        },
                        "access": 0
                      }
                    }
                  }
                },
                "signature": {
                  "key": {
                    "returns": { "key": "void" },
                    "parameters": [
                      { "name": { "key": "" }, "type": { "key": "U" } }
                    ]
                  }
                },
                "source": {
                  "file": { "key": "test.cpp" },
                  "lineBegin": 10,
                  "columnBegin": 24,
                  "lineEnd": 10,
                  "columnEnd": 39
                }
              }
            }
          }
        }
      }
    }
  },
  {
    "key": {
      "name": "f",
      "language": 0,
      "kinds": 13,
      "entity": {
        "cxx": {
          "defn": {
            "function_": {
              "key": {
                "declaration": {
                  "key": {
                    "name": {
                      "key": {
                        "name": { "key": { "name": { "key": "f" } } },
                        "scope": {
                          "recordWithAccess": {
                            "record": {
                              "key": {
                                "name": { "key": "A" },
                                "scope": { "global_": { } }
                              }
                            },
                            "access": 0
                          }
                        }
                      }
                    },
                    "signature": {
                      "key": {
                        "returns": { "key": "void" },
                        "parameters": [
                          { "name": { "key": "" }, "type": { "key": "int" } }
                        ]
                      }
                    },
                    "source": {
                      "file": { "key": "test.cpp" },
                      "lineBegin": 13,
                      "columnBegin": 1,
                      "lineEnd": 15,
                      "columnEnd": 28
                    }
                  }
                },
                "isInline": false
              }
            }
          }
        }
      }
    }
  }
]