[
  "@generated",
  {
    "key": {
      "name": "S",
      "language": 0,
      "kinds": 24,
      "entity": {
        "cxx": {
          "defn": {
            "record_": {
              "key": {
                "declaration": {
                  "key": {
                    "name": {
                      "key": {
                        "name": { "key": "S" },
                        "scope": { "global_": { } }
                      }
                    },
                    "kind": { "struct_": { } },
                    "source": {
                      "file": { "key": "main.cpp" },
                      "lineBegin": 10,
                      "columnBegin": 1,
                      "lineEnd": 10,
                      "columnEnd": 11
                    }
                  }
                },
                "bases": [ ],
                "members": { "key": [ ] }
              }
            }
          }
        }
      }
    }
  }
]