[
  "@generated",
  { "key": { "name_lowercase": "x", "name": "x" } },
  { "key": { "name_lowercase": "y", "name": "y" } },
  { "key": { "name_lowercase": "z", "name": "z" } }
]