[
  "@generated",
  {
    "key": {
      "entity": {
        "hack": {
          "decl": {
            "classConst": {
              "key": {
                "container": {
                  "interface_": {
                    "key": {
                      "name": {
                        "key": { "name": { "key": "SourceInterface" } }
                      }
                    }
                  }
                },
                "name": { "key": "JAZZ" }
              }
            }
          }
        }
      },
      "kind": 15,
      "language": 5,
      "location": {
        "file": { "key": "www/SourceInterface.php" },
        "location": { "span": { "length": 24, "start": 111 } },
        "name": "JAZZ"
      },
      "name": "JAZZ",
      "scope": [ "SourceInterface" ],
      "searchcase": 0
    }
  }
]