[
  "@generated",
  {
    "key": {
      "decl": {
        "container": {
          "interface_": {
            "key": {
              "name": { "key": { "name": { "key": "SourceInterface" } } }
            }
          }
        }
      },
      "name": "SourceInterface"
    }
  }
]