[
  "@generated",
  {
    "key": {
      "decl": {
        "typeConst": {
          "key": {
            "container": {
              "class_": {
                "key": {
                  "name": {
                    "key": {
                      "name": { "key": "SourceClass" },
                      "namespace_": { "key": { "name": { "key": "NS" } } }
                    }
                  }
                }
              }
            },
            "name": { "key": "T" }
          }
        }
      },
      "name": "T",
      "parent": {
        "key": {
          "name": { "key": "SourceClass" },
          "namespace_": { "key": { "name": { "key": "NS" } } }
        }
      }
    }
  }
]