[
  "@generated",
  {
    "key": {
      "entity": {
        "hack": {
          "decl": {
            "method": {
              "key": {
                "container": {
                  "class_": {
                    "key": {
                      "name": { "key": { "name": { "key": "RefClass" } } }
                    }
                  }
                },
                "name": { "key": "bar" }
              }
            }
          }
        }
      },
      "language": 5,
      "name": "bar",
      "scope": [ "RefClass" ]
    }
  }
]