[
  "@generated",
  {
    "key": {
      "entity": {
        "flow": {
          "decl": {
            "localDecl": {
              "key": {
                "loc": {
                  "key": {
                    "module": {
                      "key": { "file": { "key": "test/cjs_exports.js" } }
                    },
                    "span": { "length": 1, "start": 245 }
                  }
                },
                "name": { "key": "x" }
              }
            }
          }
        }
      },
      "location": {
        "file": { "key": "test/cjs_exports.js" },
        "location": { "span": { "length": 1, "start": 245 } },
        "name": "x"
      }
    }
  },
  {
    "key": {
      "entity": {
        "flow": {
          "decl": {
            "localDecl": {
              "key": {
                "loc": {
                  "key": {
                    "module": {
                      "key": { "file": { "key": "test/cjs_exports.js" } }
                    },
                    "span": { "length": 4, "start": 240 }
                  }
                },
                "name": { "key": "plus" }
              }
            }
          }
        }
      },
      "location": {
        "file": { "key": "test/cjs_exports.js" },
        "location": { "span": { "length": 40, "start": 231 } },
        "name": "plus"
      }
    }
  },
  {
    "key": {
      "entity": {
        "flow": {
          "decl": {
            "localDecl": {
              "key": {
                "loc": {
                  "key": {
                    "module": {
                      "key": { "file": { "key": "test/es_exports.js.flow" } }
                    },
                    "span": { "length": 1, "start": 328 }
                  }
                },
                "name": { "key": "x" }
              }
            }
          }
        }
      },
      "location": {
        "file": { "key": "test/es_exports.js.flow" },
        "location": { "span": { "length": 1, "start": 328 } },
        "name": "x"
      }
    }
  },
  {
    "key": {
      "entity": {
        "flow": {
          "decl": {
            "localDecl": {
              "key": {
                "loc": {
                  "key": {
                    "module": {
                      "key": { "file": { "key": "test/es_exports.js.flow" } }
                    },
                    "span": { "length": 1, "start": 386 }
                  }
                },
                "name": { "key": "d" }
              }
            }
          }
        }
      },
      "location": {
        "file": { "key": "test/es_exports.js.flow" },
        "location": { "span": { "length": 20, "start": 386 } },
        "name": "d"
      }
    }
  },
  {
    "key": {
      "entity": {
        "flow": {
          "decl": {
            "localDecl": {
              "key": {
                "loc": {
                  "key": {
                    "module": {
                      "key": { "file": { "key": "test/es_exports.js.flow" } }
                    },
                    "span": { "length": 1, "start": 585 }
                  }
                },
                "name": { "key": "C" }
              }
            }
          }
        }
      },
      "location": {
        "file": { "key": "test/es_exports.js.flow" },
        "location": { "span": { "length": 10, "start": 579 } },
        "name": "C"
      }
    }
  },
  {
    "key": {
      "entity": {
        "flow": {
          "decl": {
            "localDecl": {
              "key": {
                "loc": {
                  "key": {
                    "module": {
                      "key": { "file": { "key": "test/es_exports.js.flow" } }
                    },
                    "span": { "length": 3, "start": 268 }
                  }
                },
                "name": { "key": "foo" }
              }
            }
          }
        }
      },
      "location": {
        "file": { "key": "test/es_exports.js.flow" },
        "location": { "span": { "length": 15, "start": 268 } },
        "name": "foo"
      }
    }
  },
  {
    "key": {
      "entity": {
        "flow": {
          "decl": {
            "localDecl": {
              "key": {
                "loc": {
                  "key": {
                    "module": {
                      "key": { "file": { "key": "test/es_exports.js.flow" } }
                    },
                    "span": { "length": 3, "start": 324 }
                  }
                },
                "name": { "key": "bor" }
              }
            }
          }
        }
      },
      "location": {
        "file": { "key": "test/es_exports.js.flow" },
        "location": { "span": { "length": 51, "start": 315 } },
        "name": "bor"
      }
    }
  },
  {
    "key": {
      "entity": {
        "flow": {
          "decl": {
            "localDecl": {
              "key": {
                "loc": {
                  "key": {
                    "module": {
                      "key": { "file": { "key": "test/es_exports.js.flow" } }
                    },
                    "span": { "length": 3, "start": 374 }
                  }
                },
                "name": { "key": "baz" }
              }
            }
          }
        }
      },
      "location": {
        "file": { "key": "test/es_exports.js.flow" },
        "location": { "span": { "length": 12, "start": 368 } },
        "name": "baz"
      }
    }
  },
  {
    "key": {
      "entity": {
        "flow": {
          "decl": {
            "localDecl": {
              "key": {
                "loc": {
                  "key": {
                    "module": {
                      "key": { "file": { "key": "test/es_exports.js.flow" } }
                    },
                    "span": { "length": 4, "start": 517 }
                  }
                },
                "name": { "key": "name" }
              }
            }
          }
        }
      },
      "location": {
        "file": { "key": "test/es_exports.js.flow" },
        "location": { "span": { "length": 4, "start": 517 } },
        "name": "name"
      }
    }
  },
  {
    "key": {
      "entity": {
        "flow": {
          "decl": {
            "localDecl": {
              "key": {
                "loc": {
                  "key": {
                    "module": {
                      "key": { "file": { "key": "test/es_exports.js.flow" } }
                    },
                    "span": { "length": 5, "start": 243 }
                  }
                },
                "name": { "key": "React" }
              }
            }
          }
        }
      },
      "location": {
        "file": { "key": "test/es_exports.js.flow" },
        "location": { "span": { "length": 5, "start": 243 } },
        "name": "React"
      }
    }
  },
  {
    "key": {
      "entity": {
        "flow": {
          "decl": {
            "localDecl": {
              "key": {
                "loc": {
                  "key": {
                    "module": {
                      "key": { "file": { "key": "test/es_exports.js.flow" } }
                    },
                    "span": { "length": 12, "start": 504 }
                  }
                },
                "name": { "key": "Introduction" }
              }
            }
          }
        }
      },
      "location": {
        "file": { "key": "test/es_exports.js.flow" },
        "location": { "span": { "length": 12, "start": 504 } },
        "name": "Introduction"
      }
    }
  },
  {
    "key": {
      "entity": {
        "flow": {
          "decl": {
            "localDecl": {
              "key": {
                "loc": {
                  "key": {
                    "module": {
                      "key": { "file": { "key": "test/imports.js" } }
                    },
                    "span": { "length": 1, "start": 238 }
                  }
                },
                "name": { "key": "a" }
              }
            }
          }
        }
      },
      "location": {
        "file": { "key": "test/imports.js" },
        "location": { "span": { "length": 1, "start": 238 } },
        "name": "a"
      }
    }
  },
  {
    "key": {
      "entity": {
        "flow": {
          "decl": {
            "localDecl": {
              "key": {
                "loc": {
                  "key": {
                    "module": {
                      "key": { "file": { "key": "test/imports.js" } }
                    },
                    "span": { "length": 1, "start": 241 }
                  }
                },
                "name": { "key": "b" }
              }
            }
          }
        }
      },
      "location": {
        "file": { "key": "test/imports.js" },
        "location": { "span": { "length": 1, "start": 241 } },
        "name": "b"
      }
    }
  },
  {
    "key": {
      "entity": {
        "flow": {
          "decl": {
            "localDecl": {
              "key": {
                "loc": {
                  "key": {
                    "module": {
                      "key": { "file": { "key": "test/imports.js" } }
                    },
                    "span": { "length": 1, "start": 244 }
                  }
                },
                "name": { "key": "c" }
              }
            }
          }
        }
      },
      "location": {
        "file": { "key": "test/imports.js" },
        "location": { "span": { "length": 1, "start": 244 } },
        "name": "c"
      }
    }
  },
  {
    "key": {
      "entity": {
        "flow": {
          "decl": {
            "localDecl": {
              "key": {
                "loc": {
                  "key": {
                    "module": {
                      "key": { "file": { "key": "test/imports.js" } }
                    },
                    "span": { "length": 1, "start": 283 }
                  }
                },
                "name": { "key": "d" }
              }
            }
          }
        }
      },
      "location": {
        "file": { "key": "test/imports.js" },
        "location": { "span": { "length": 1, "start": 283 } },
        "name": "d"
      }
    }
  },
  {
    "key": {
      "entity": {
        "flow": {
          "decl": {
            "localDecl": {
              "key": {
                "loc": {
                  "key": {
                    "module": {
                      "key": { "file": { "key": "test/imports.js" } }
                    },
                    "span": { "length": 1, "start": 585 }
                  }
                },
                "name": { "key": "e" }
              }
            }
          }
        }
      },
      "location": {
        "file": { "key": "test/imports.js" },
        "location": { "span": { "length": 13, "start": 585 } },
        "name": "e"
      }
    }
  },
  {
    "key": {
      "entity": {
        "flow": {
          "decl": {
            "localDecl": {
              "key": {
                "loc": {
                  "key": {
                    "module": {
                      "key": { "file": { "key": "test/imports.js" } }
                    },
                    "span": { "length": 1, "start": 605 }
                  }
                },
                "name": { "key": "x" }
              }
            }
          }
        }
      },
      "location": {
        "file": { "key": "test/imports.js" },
        "location": { "span": { "length": 15, "start": 605 } },
        "name": "x"
      }
    }
  },
  {
    "key": {
      "entity": {
        "flow": {
          "decl": {
            "localDecl": {
              "key": {
                "loc": {
                  "key": {
                    "module": {
                      "key": { "file": { "key": "test/imports.js" } }
                    },
                    "span": { "length": 1, "start": 626 }
                  }
                },
                "name": { "key": "y" }
              }
            }
          }
        }
      },
      "location": {
        "file": { "key": "test/imports.js" },
        "location": { "span": { "length": 21, "start": 626 } },
        "name": "y"
      }
    }
  },
  {
    "key": {
      "entity": {
        "flow": {
          "decl": {
            "localDecl": {
              "key": {
                "loc": {
                  "key": {
                    "module": {
                      "key": { "file": { "key": "test/imports.js" } }
                    },
                    "span": { "length": 1, "start": 653 }
                  }
                },
                "name": { "key": "z" }
              }
            }
          }
        }
      },
      "location": {
        "file": { "key": "test/imports.js" },
        "location": { "span": { "length": 14, "start": 653 } },
        "name": "z"
      }
    }
  },
  {
    "key": {
      "entity": {
        "flow": {
          "decl": {
            "localDecl": {
              "key": {
                "loc": {
                  "key": {
                    "module": {
                      "key": { "file": { "key": "test/imports.js" } }
                    },
                    "span": { "length": 1, "start": 757 }
                  }
                },
                "name": { "key": "s" }
              }
            }
          }
        }
      },
      "location": {
        "file": { "key": "test/imports.js" },
        "location": { "span": { "length": 14, "start": 757 } },
        "name": "s"
      }
    }
  },
  {
    "key": {
      "entity": {
        "flow": {
          "decl": {
            "localDecl": {
              "key": {
                "loc": {
                  "key": {
                    "module": {
                      "key": { "file": { "key": "test/imports.js" } }
                    },
                    "span": { "length": 2, "start": 368 }
                  }
                },
                "name": { "key": "fn" }
              }
            }
          }
        }
      },
      "location": {
        "file": { "key": "test/imports.js" },
        "location": { "span": { "length": 2, "start": 368 } },
        "name": "fn"
      }
    }
  },
  {
    "key": {
      "entity": {
        "flow": {
          "decl": {
            "localDecl": {
              "key": {
                "loc": {
                  "key": {
                    "module": {
                      "key": { "file": { "key": "test/imports.js" } }
                    },
                    "span": { "length": 3, "start": 287 }
                  }
                },
                "name": { "key": "foo" }
              }
            }
          }
        }
      },
      "location": {
        "file": { "key": "test/imports.js" },
        "location": { "span": { "length": 3, "start": 287 } },
        "name": "foo"
      }
    }
  },
  {
    "key": {
      "entity": {
        "flow": {
          "decl": {
            "localDecl": {
              "key": {
                "loc": {
                  "key": {
                    "module": {
                      "key": { "file": { "key": "test/imports.js" } }
                    },
                    "span": { "length": 3, "start": 292 }
                  }
                },
                "name": { "key": "bar" }
              }
            }
          }
        }
      },
      "location": {
        "file": { "key": "test/imports.js" },
        "location": { "span": { "length": 3, "start": 292 } },
        "name": "bar"
      }
    }
  },
  {
    "key": {
      "entity": {
        "flow": {
          "decl": {
            "localDecl": {
              "key": {
                "loc": {
                  "key": {
                    "module": {
                      "key": { "file": { "key": "test/imports.js" } }
                    },
                    "span": { "length": 3, "start": 297 }
                  }
                },
                "name": { "key": "baz" }
              }
            }
          }
        }
      },
      "location": {
        "file": { "key": "test/imports.js" },
        "location": { "span": { "length": 3, "start": 297 } },
        "name": "baz"
      }
    }
  },
  {
    "key": {
      "entity": {
        "flow": {
          "decl": {
            "localDecl": {
              "key": {
                "loc": {
                  "key": {
                    "module": {
                      "key": { "file": { "key": "test/imports.js" } }
                    },
                    "span": { "length": 3, "start": 335 }
                  }
                },
                "name": { "key": "qux" }
              }
            }
          }
        }
      },
      "location": {
        "file": { "key": "test/imports.js" },
        "location": { "span": { "length": 3, "start": 335 } },
        "name": "qux"
      }
    }
  },
  {
    "key": {
      "entity": {
        "flow": {
          "decl": {
            "localDecl": {
              "key": {
                "loc": {
                  "key": {
                    "module": {
                      "key": { "file": { "key": "test/imports.js" } }
                    },
                    "span": { "length": 3, "start": 676 }
                  }
                },
                "name": { "key": "caz" }
              }
            }
          }
        }
      },
      "location": {
        "file": { "key": "test/imports.js" },
        "location": { "span": { "length": 24, "start": 670 } },
        "name": "caz"
      }
    }
  },
  {
    "key": {
      "entity": {
        "flow": {
          "decl": {
            "localDecl": {
              "key": {
                "loc": {
                  "key": {
                    "module": {
                      "key": { "file": { "key": "test/imports.js" } }
                    },
                    "span": { "length": 9, "start": 506 }
                  }
                },
                "name": { "key": "Component" }
              }
            }
          }
        }
      },
      "location": {
        "file": { "key": "test/imports.js" },
        "location": { "span": { "length": 9, "start": 506 } },
        "name": "Component"
      }
    }
  },
  {
    "key": {
      "entity": {
        "flow": {
          "decl": {
            "memberDecl": {
              "key": {
                "loc": {
                  "key": {
                    "module": {
                      "key": { "file": { "key": "test/es_exports.js.flow" } }
                    },
                    "span": { "length": 3, "start": 324 }
                  }
                },
                "name": { "key": "bar" }
              }
            }
          }
        }
      },
      "location": {
        "file": { "key": "test/es_exports.js.flow" },
        "location": { "span": { "length": 3, "start": 324 } },
        "name": "bar"
      }
    }
  },
  {
    "key": {
      "entity": {
        "flow": {
          "decl": {
            "typeDecl": {
              "key": {
                "loc": {
                  "key": {
                    "module": {
                      "key": { "file": { "key": "test/es_exports.js.flow" } }
                    },
                    "span": { "length": 1, "start": 585 }
                  }
                },
                "name": { "key": "C" }
              }
            }
          }
        }
      },
      "location": {
        "file": { "key": "test/es_exports.js.flow" },
        "location": { "span": { "length": 10, "start": 579 } },
        "name": "C"
      }
    }
  },
  {
    "key": {
      "entity": {
        "flow": {
          "decl": {
            "typeDecl": {
              "key": {
                "loc": {
                  "key": {
                    "module": {
                      "key": { "file": { "key": "test/es_exports.js.flow" } }
                    },
                    "span": { "length": 3, "start": 374 }
                  }
                },
                "name": { "key": "baz" }
              }
            }
          }
        }
      },
      "location": {
        "file": { "key": "test/es_exports.js.flow" },
        "location": { "span": { "length": 12, "start": 368 } },
        "name": "baz"
      }
    }
  },
  {
    "key": {
      "entity": {
        "flow": {
          "decl": {
            "typeDecl": {
              "key": {
                "loc": {
                  "key": {
                    "module": {
                      "key": { "file": { "key": "test/es_exports.js.flow" } }
                    },
                    "span": { "length": 3, "start": 472 }
                  }
                },
                "name": { "key": "num" }
              }
            }
          }
        }
      },
      "location": {
        "file": { "key": "test/es_exports.js.flow" },
        "location": { "span": { "length": 18, "start": 467 } },
        "name": "num"
      }
    }
  },
  {
    "key": {
      "entity": {
        "flow": {
          "decl": {
            "typeDecl": {
              "key": {
                "loc": {
                  "key": {
                    "module": {
                      "key": { "file": { "key": "test/imports.js" } }
                    },
                    "span": { "length": 1, "start": 716 }
                  }
                },
                "name": { "key": "C" }
              }
            }
          }
        }
      },
      "location": {
        "file": { "key": "test/imports.js" },
        "location": { "span": { "length": 1, "start": 716 } },
        "name": "C"
      }
    }
  },
  {
    "key": {
      "entity": {
        "flow": {
          "decl": {
            "typeDecl": {
              "key": {
                "loc": {
                  "key": {
                    "module": {
                      "key": { "file": { "key": "test/imports.js" } }
                    },
                    "span": { "length": 1, "start": 746 }
                  }
                },
                "name": { "key": "D" }
              }
            }
          }
        }
      },
      "location": {
        "file": { "key": "test/imports.js" },
        "location": { "span": { "length": 11, "start": 741 } },
        "name": "D"
      }
    }
  },
  {
    "key": {
      "entity": {
        "flow": {
          "decl": {
            "typeDecl": {
              "key": {
                "loc": {
                  "key": {
                    "module": {
                      "key": { "file": { "key": "test/imports.js" } }
                    },
                    "span": { "length": 3, "start": 472 }
                  }
                },
                "name": { "key": "num" }
              }
            }
          }
        }
      },
      "location": {
        "file": { "key": "test/imports.js" },
        "location": { "span": { "length": 3, "start": 472 } },
        "name": "num"
      }
    }
  },
  {
    "key": {
      "entity": {
        "flow": {
          "decl": {
            "typeDecl": {
              "key": {
                "loc": {
                  "key": {
                    "module": {
                      "key": { "file": { "key": "test/imports.js" } }
                    },
                    "span": { "length": 3, "start": 676 }
                  }
                },
                "name": { "key": "caz" }
              }
            }
          }
        }
      },
      "location": {
        "file": { "key": "test/imports.js" },
        "location": { "span": { "length": 24, "start": 670 } },
        "name": "caz"
      }
    }
  },
  {
    "key": {
      "entity": {
        "flow": {
          "decl": {
            "typeDecl": {
              "key": {
                "loc": {
                  "key": {
                    "module": {
                      "key": { "file": { "key": "test/imports.js" } }
                    },
                    "span": { "length": 3, "start": 710 }
                  }
                },
                "name": { "key": "str" }
              }
            }
          }
        }
      },
      "location": {
        "file": { "key": "test/imports.js" },
        "location": { "span": { "length": 3, "start": 710 } },
        "name": "str"
      }
    }
  },
  {
    "key": {
      "entity": {
        "flow": {
          "decl": {
            "typeDecl": {
              "key": {
                "loc": {
                  "key": {
                    "module": {
                      "key": { "file": { "key": "test/imports.js" } }
                    },
                    "span": { "length": 9, "start": 549 }
                  }
                },
                "name": { "key": "Component" }
              }
            }
          }
        }
      },
      "location": {
        "file": { "key": "test/imports.js" },
        "location": { "span": { "length": 9, "start": 549 } },
        "name": "Component"
      }
    }
  },
  {
    "key": {
      "entity": {
        "flow": {
          "module_": { "key": { "file": { "key": "test/cjs_exports.js" } } }
        }
      },
      "location": {
        "file": { "key": "test/cjs_exports.js" },
        "location": { "span": { "length": 0, "start": 0 } },
        "name": "test/cjs_exports.js"
      }
    }
  },
  {
    "key": {
      "entity": {
        "flow": {
          "module_": { "key": { "file": { "key": "test/es_exports.js" } } }
        }
      },
      "location": {
        "file": { "key": "test/es_exports.js" },
        "location": { "span": { "length": 0, "start": 0 } },
        "name": "test/es_exports.js"
      }
    }
  },
  {
    "key": {
      "entity": {
        "flow": {
          "module_": { "key": { "file": { "key": "test/es_exports.js.flow" } } }
        }
      },
      "location": {
        "file": { "key": "test/es_exports.js.flow" },
        "location": { "span": { "length": 0, "start": 0 } },
        "name": "test/es_exports.js.flow"
      }
    }
  },
  {
    "key": {
      "entity": {
        "flow": {
          "module_": { "key": { "file": { "key": "test/imports.js" } } }
        }
      },
      "location": {
        "file": { "key": "test/imports.js" },
        "location": { "span": { "length": 0, "start": 0 } },
        "name": "test/imports.js"
      }
    }
  },
  {
    "key": {
      "entity": {
        "flow": { "module_": { "key": { "string_": "cjs_exports" } } }
      },
      "location": {
        "file": { "key": "test/cjs_exports.js" },
        "location": { "span": { "length": 0, "start": 0 } },
        "name": "cjs_exports"
      }
    }
  }
]