[
  "@generated",
  {
    "key": {
      "name": "imports",
      "module": { "key": { "file": { "key": "test/imports.js" } } }
    }
  }
]