[
    "@generated",
    {
        "comments": [],
        "contains_relation": {
            "firstChild": "nondeterministic",
            "firstParent": "nondeterministic",
            "hasMoreChildren": false,
            "hasMoreParents": false
        },
        "extends_relation": {
            "firstChild": "nondeterministic",
            "firstParent": "nondeterministic",
            "hasMoreChildren": false,
            "hasMoreParents": false
        },
        "kind": 12,
        "language": 9,
        "location": {
            "filepath": "lib.thrift",
            "range": {
                "columnBegin": 1,
                "columnEnd": 2,
                "lineBegin": 163,
                "lineEnd": 194
            },
            "repository": "test"
        },
        "modifiers": [],
        "name": {
            "container": "lib",
            "localName": "SymbolKind"
        },
        "pretty_comments": [],
        "repo_hash": "testhash",
        "signature": "enum lib::SymbolKind",
        "sym": "test/thrift/lib.thrift/SymbolKind",
        "sym_location": {
            "filepath": "lib.thrift",
            "range": {
                "columnBegin": 1,
                "columnEnd": 2,
                "lineBegin": 163,
                "lineEnd": 194
            },
            "repository": "test"
        },
        "sym_other_locations": [],
        "type_xrefs": []
    }
]